// Jest Snapshot v1, https://goo.gl/fbAQLP

exports[`Map Buttons renders Correctly 1`] = `
<div>
  Generic Test
</div>
`;
